cmd: F:\Ky_5\SWT301_Materials\RT-SWT-nhom2\.venv-pynguin-gen\Scripts\python.exe -m pynguin --project-path F:\Ky_5\SWT301_Materials\RT-SWT-nhom2\data\raw\flask\src --output-path F:\Ky_5\SWT301_Materials\RT-SWT-nhom2\ms-analysis\results\_pynguin_work\pynguin_out_flask_app --module-name flask.app --maximum-search-time 731
rc=2

[stdout]

[stderr]
Unexpectedly had no exception name raised and no exception in context for node: Raise(lineno=26, col_offset=8, end_lineno=26, end_col_offset=13)
Unexpectedly had no exception name raised and no exception in context for node: Raise(lineno=37, col_offset=12, end_lineno=37, end_col_offset=17)
Unexpectedly had no exception name raised and no exception in context for node: Raise(lineno=23, col_offset=8, end_lineno=23, end_col_offset=13)
F:\Ky_5\SWT301_Materials\RT-SWT-nhom2\.venv-pynguin-gen\lib\site-packages\dill\_dill.py:423: PicklingWarning: Cannot locate reference to <class '_ctypes._CData'>.
  StockPickler.save(self, obj, save_persistent_id)
F:\Ky_5\SWT301_Materials\RT-SWT-nhom2\.venv-pynguin-gen\lib\site-packages\dill\_dill.py:423: PicklingWarning: Cannot pickle <class '_ctypes._CData'>: _ctypes._CData has recursive self-references that trigger a RecursionError.
  StockPickler.save(self, obj, save_persistent_id)
Pynguin error in worker process: Can't pickle <class '_ctypes._CData'>: it's not found as _ctypes._CData
Traceback (most recent call last):
  File "F:\Ky_5\SWT301_Materials\RT-SWT-nhom2\.venv-pynguin-gen\lib\site-packages\pynguin\master_worker\worker.py", line 101, in worker_main
    return_code = run_pynguin()
  File "F:\Ky_5\SWT301_Materials\RT-SWT-nhom2\.venv-pynguin-gen\lib\site-packages\pynguin\generator.py", line 144, in run_pynguin
    return _run()
  File "F:\Ky_5\SWT301_Materials\RT-SWT-nhom2\.venv-pynguin-gen\lib\site-packages\pynguin\generator.py", line 614, in _run
    generation_result = algorithm.generate_tests()
  File "F:\Ky_5\SWT301_Materials\RT-SWT-nhom2\.venv-pynguin-gen\lib\site-packages\pynguin\ga\algorithms\dynamosaalgorithm.py", line 54, in generate_tests
    self._goals_manager.update(self._population)
  File "F:\Ky_5\SWT301_Materials\RT-SWT-nhom2\.venv-pynguin-gen\lib\site-packages\pynguin\ga\algorithms\dynamosaalgorithm.py", line 195, in update
    self._archive.update(solutions)
  File "F:\Ky_5\SWT301_Materials\RT-SWT-nhom2\.venv-pynguin-gen\lib\site-packages\pynguin\ga\algorithms\archive.py", line 123, in update
    covers = solution.get_is_covered(objective)
  File "F:\Ky_5\SWT301_Materials\RT-SWT-nhom2\.venv-pynguin-gen\lib\site-packages\pynguin\ga\chromosome.py", line 138, in get_is_covered
    return self.computation_cache.get_is_covered(fitness_function)
  File "F:\Ky_5\SWT301_Materials\RT-SWT-nhom2\.venv-pynguin-gen\lib\site-packages\pynguin\ga\computations.py", line 614, in get_is_covered
    self._check_cache(
  File "F:\Ky_5\SWT301_Materials\RT-SWT-nhom2\.venv-pynguin-gen\lib\site-packages\pynguin\ga\computations.py", line 522, in _check_cache
    comp(only)
  File "F:\Ky_5\SWT301_Materials\RT-SWT-nhom2\.venv-pynguin-gen\lib\site-packages\pynguin\ga\computations.py", line 546, in _compute_is_covered
    new_value = fitness_func.compute_is_covered(self._chromosome)
  File "F:\Ky_5\SWT301_Materials\RT-SWT-nhom2\.venv-pynguin-gen\lib\site-packages\pynguin\ga\coveragegoals.py", line 373, in compute_is_covered
    result = self._run_test_case_chromosome(individual)
  File "F:\Ky_5\SWT301_Materials\RT-SWT-nhom2\.venv-pynguin-gen\lib\site-packages\pynguin\ga\computations.py", line 56, in _run_test_case_chromosome
    individual.set_last_execution_result(self._executor.execute(individual.test_case))
  File "F:\Ky_5\SWT301_Materials\RT-SWT-nhom2\.venv-pynguin-gen\lib\site-packages\pynguin\testcase\execution.py", line 1277, in execute
    return next(iter(self.execute_multiple((test_case,))))
  File "F:\Ky_5\SWT301_Materials\RT-SWT-nhom2\.venv-pynguin-gen\lib\site-packages\pynguin\testcase\execution.py", line 1385, in execute_multiple
    process, receiving_connection = self._setup_subprocess_execution(
  File "F:\Ky_5\SWT301_Materials\RT-SWT-nhom2\.venv-pynguin-gen\lib\site-packages\pynguin\testcase\execution.py", line 1450, in _setup_subprocess_execution
    process.start()
  File "F:\Ky_5\SWT301_Materials\RT-SWT-nhom2\.venv-pynguin-gen\lib\site-packages\multiprocess\process.py", line 121, in start
    self._popen = self._Popen(self)
  File "F:\Ky_5\SWT301_Materials\RT-SWT-nhom2\.venv-pynguin-gen\lib\site-packages\multiprocess\context.py", line 224, in _Popen
    return _default_context.get_context().Process._Popen(process_obj)
  File "F:\Ky_5\SWT301_Materials\RT-SWT-nhom2\.venv-pynguin-gen\lib\site-packages\multiprocess\context.py", line 336, in _Popen
    return Popen(process_obj)
  File "F:\Ky_5\SWT301_Materials\RT-SWT-nhom2\.venv-pynguin-gen\lib\site-packages\multiprocess\popen_spawn_win32.py", line 93, in __init__
    reduction.dump(process_obj, to_child)
  File "F:\Ky_5\SWT301_Materials\RT-SWT-nhom2\.venv-pynguin-gen\lib\site-packages\multiprocess\reduction.py", line 63, in dump
    ForkingPickler(file, protocol, *args, **kwds).dump(obj)
  File "F:\Ky_5\SWT301_Materials\RT-SWT-nhom2\.venv-pynguin-gen\lib\site-packages\dill\_dill.py", line 429, in dump
    StockPickler.dump(self, obj)
  File "C:\Users\qhung\AppData\Local\Programs\Python\Python310\lib\pickle.py", line 487, in dump
    self.save(obj)
  File "F:\Ky_5\SWT301_Materials\RT-SWT-nhom2\.venv-pynguin-gen\lib\site-packages\dill\_dill.py", line 423, in save
    StockPickler.save(self, obj, save_persistent_id)
  File "C:\Users\qhung\AppData\Local\Programs\Python\Python310\lib\pickle.py", line 603, in save
    self.save_reduce(obj=obj, *rv)
  File "C:\Users\qhung\AppData\Local\Programs\Python\Python310\lib\pickle.py", line 717, in save_reduce
    save(state)
  File "F:\Ky_5\SWT301_Materials\RT-SWT-nhom2\.venv-pynguin-gen\lib\site-packages\dill\_dill.py", line 423, in save
    StockPickler.save(self, obj, save_persistent_id)
  File "C:\Users\qhung\AppData\Local\Programs\Python\Python310\lib\pickle.py", line 560, in save
    f(self, obj)  # Call unbound method with explicit self
  File "F:\Ky_5\SWT301_Materials\RT-SWT-nhom2\.venv-pynguin-gen\lib\site-packages\dill\_dill.py", line 1266, in save_module_dict
    StockPickler.save_dict(pickler, obj)
  File "C:\Users\qhung\AppData\Local\Programs\Python\Python310\lib\pickle.py", line 972, in save_dict
    self._batch_setitems(obj.items())
  File "C:\Users\qhung\AppData\Local\Programs\Python\Python310\lib\pickle.py", line 998, in _batch_setitems
    save(v)
  File "F:\Ky_5\SWT301_Materials\RT-SWT-nhom2\.venv-pynguin-gen\lib\site-packages\dill\_dill.py", line 423, in save
    StockPickler.save(self, obj, save_persistent_id)
  File "C:\Users\qhung\AppData\Local\Programs\Python\Python310\lib\pickle.py", line 560, in save
    f(self, obj)  # Call unbound method with explicit self
  File "C:\Users\qhung\AppData\Local\Programs\Python\Python310\lib\pickle.py", line 902, in save_tuple
    save(element)
  File "F:\Ky_5\SWT301_Materials\RT-SWT-nhom2\.venv-pynguin-gen\lib\site-packages\dill\_dill.py", line 423, in save
    StockPickler.save(self, obj, save_persistent_id)
  File "C:\Users\qhung\AppData\Local\Programs\Python\Python310\lib\pickle.py", line 560, in save
    f(self, obj)  # Call unbound method with explicit self
  File "C:\Users\qhung\AppData\Local\Programs\Python\Python310\lib\pickle.py", line 887, in save_tuple
    save(element)
  File "F:\Ky_5\SWT301_Materials\RT-SWT-nhom2\.venv-pynguin-gen\lib\site-packages\dill\_dill.py", line 423, in save
    StockPickler.save(self, obj, save_persistent_id)
  File "C:\Users\qhung\AppData\Local\Programs\Python\Python310\lib\pickle.py", line 603, in save
    self.save_reduce(obj=obj, *rv)
  File "C:\Users\qhung\AppData\Local\Programs\Python\Python310\lib\pickle.py", line 717, in save_reduce
    save(state)
  File "F:\Ky_5\SWT301_Materials\RT-SWT-nhom2\.venv-pynguin-gen\lib\site-packages\dill\_dill.py", line 423, in save
    StockPickler.save(self, obj, save_persistent_id)
  File "C:\Users\qhung\AppData\Local\Programs\Python\Python310\lib\pickle.py", line 560, in save
    f(self, obj)  # Call unbound method with explicit self
  File "F:\Ky_5\SWT301_Materials\RT-SWT-nhom2\.venv-pynguin-gen\lib\site-packages\dill\_dill.py", line 1266, in save_module_dict
    StockPickler.save_dict(pickler, obj)
  File "C:\Users\qhung\AppData\Local\Programs\Python\Python310\lib\pickle.py", line 972, in save_dict
    self._batch_setitems(obj.items())
  File "C:\Users\qhung\AppData\Local\Programs\Python\Python310\lib\pickle.py", line 998, in _batch_setitems
    save(v)
  File "F:\Ky_5\SWT301_Materials\RT-SWT-nhom2\.venv-pynguin-gen\lib\site-packages\dill\_dill.py", line 423, in save
    StockPickler.save(self, obj, save_persistent_id)
  File "C:\Users\qhung\AppData\Local\Programs\Python\Python310\lib\pickle.py", line 560, in save
    f(self, obj)  # Call unbound method with explicit self
  File "C:\Users\qhung\AppData\Local\Programs\Python\Python310\lib\pickle.py", line 932, in save_list
    self._batch_appends(obj)
  File "C:\Users\qhung\AppData\Local\Programs\Python\Python310\lib\pickle.py", line 956, in _batch_appends
    save(x)
  File "F:\Ky_5\SWT301_Materials\RT-SWT-nhom2\.venv-pynguin-gen\lib\site-packages\dill\_dill.py", line 423, in save
    StockPickler.save(self, obj, save_persistent_id)
  File "C:\Users\qhung\AppData\Local\Programs\Python\Python310\lib\pickle.py", line 603, in save
    self.save_reduce(obj=obj, *rv)
  File "C:\Users\qhung\AppData\Local\Programs\Python\Python310\lib\pickle.py", line 717, in save_reduce
    save(state)
  File "F:\Ky_5\SWT301_Materials\RT-SWT-nhom2\.venv-pynguin-gen\lib\site-packages\dill\_dill.py", line 423, in save
    StockPickler.save(self, obj, save_persistent_id)
  File "C:\Users\qhung\AppData\Local\Programs\Python\Python310\lib\pickle.py", line 560, in save
    f(self, obj)  # Call unbound method with explicit self
  File "F:\Ky_5\SWT301_Materials\RT-SWT-nhom2\.venv-pynguin-gen\lib\site-packages\dill\_dill.py", line 1266, in save_module_dict
    StockPickler.save_dict(pickler, obj)
  File "C:\Users\qhung\AppData\Local\Programs\Python\Python310\lib\pickle.py", line 972, in save_dict
    self._batch_setitems(obj.items())
  File "C:\Users\qhung\AppData\Local\Programs\Python\Python310\lib\pickle.py", line 998, in _batch_setitems
    save(v)
  File "F:\Ky_5\SWT301_Materials\RT-SWT-nhom2\.venv-pynguin-gen\lib\site-packages\dill\_dill.py", line 423, in save
    StockPickler.save(self, obj, save_persistent_id)
  File "C:\Users\qhung\AppData\Local\Programs\Python\Python310\lib\pickle.py", line 603, in save
    self.save_reduce(obj=obj, *rv)
  File "C:\Users\qhung\AppData\Local\Programs\Python\Python310\lib\pickle.py", line 717, in save_reduce
    save(state)
  File "F:\Ky_5\SWT301_Materials\RT-SWT-nhom2\.venv-pynguin-gen\lib\site-packages\dill\_dill.py", line 423, in save
    StockPickler.save(self, obj, save_persistent_id)
  File "C:\Users\qhung\AppData\Local\Programs\Python\Python310\lib\pickle.py", line 560, in save
    f(self, obj)  # Call unbound method with explicit self
  File "F:\Ky_5\SWT301_Materials\RT-SWT-nhom2\.venv-pynguin-gen\lib\site-packages\dill\_dill.py", line 1266, in save_module_dict
    StockPickler.save_dict(pickler, obj)
  File "C:\Users\qhung\AppData\Local\Programs\Python\Python310\lib\pickle.py", line 972, in save_dict
    self._batch_setitems(obj.items())
  File "C:\Users\qhung\AppData\Local\Programs\Python\Python310\lib\pickle.py", line 998, in _batch_setitems
    save(v)
  File "F:\Ky_5\SWT301_Materials\RT-SWT-nhom2\.venv-pynguin-gen\lib\site-packages\dill\_dill.py", line 423, in save
    StockPickler.save(self, obj, save_persistent_id)
  File "C:\Users\qhung\AppData\Local\Programs\Python\Python310\lib\pickle.py", line 603, in save
    self.save_reduce(obj=obj, *rv)
  File "C:\Users\qhung\AppData\Local\Programs\Python\Python310\lib\pickle.py", line 717, in save_reduce
    save(state)
  File "F:\Ky_5\SWT301_Materials\RT-SWT-nhom2\.venv-pynguin-gen\lib\site-packages\dill\_dill.py", line 423, in save
    StockPickler.save(self, obj, save_persistent_id)
  File "C:\Users\qhung\AppData\Local\Programs\Python\Python310\lib\pickle.py", line 560, in save
    f(self, obj)  # Call unbound method with explicit self
  File "F:\Ky_5\SWT301_Materials\RT-SWT-nhom2\.venv-pynguin-gen\lib\site-packages\dill\_dill.py", line 1266, in save_module_dict
    StockPickler.save_dict(pickler, obj)
  File "C:\Users\qhung\AppData\Local\Programs\Python\Python310\lib\pickle.py", line 972, in save_dict
    self._batch_setitems(obj.items())
  File "C:\Users\qhung\AppData\Local\Programs\Python\Python310\lib\pickle.py", line 998, in _batch_setitems
    save(v)
  File "F:\Ky_5\SWT301_Materials\RT-SWT-nhom2\.venv-pynguin-gen\lib\site-packages\dill\_dill.py", line 423, in save
    StockPickler.save(self, obj, save_persistent_id)
  File "C:\Users\qhung\AppData\Local\Programs\Python\Python310\lib\pickle.py", line 603, in save
    self.save_reduce(obj=obj, *rv)
  File "C:\Users\qhung\AppData\Local\Programs\Python\Python310\lib\pickle.py", line 717, in save_reduce
    save(state)
  File "F:\Ky_5\SWT301_Materials\RT-SWT-nhom2\.venv-pynguin-gen\lib\site-packages\dill\_dill.py", line 423, in save
    StockPickler.save(self, obj, save_persistent_id)
  File "C:\Users\qhung\AppData\Local\Programs\Python\Python310\lib\pickle.py", line 560, in save
    f(self, obj)  # Call unbound method with explicit self
  File "F:\Ky_5\SWT301_Materials\RT-SWT-nhom2\.venv-pynguin-gen\lib\site-packages\dill\_dill.py", line 1266, in save_module_dict
    StockPickler.save_dict(pickler, obj)
  File "C:\Users\qhung\AppData\Local\Programs\Python\Python310\lib\pickle.py", line 972, in save_dict
    self._batch_setitems(obj.items())
  File "C:\Users\qhung\AppData\Local\Programs\Python\Python310\lib\pickle.py", line 998, in _batch_setitems
    save(v)
  File "F:\Ky_5\SWT301_Materials\RT-SWT-nhom2\.venv-pynguin-gen\lib\site-packages\dill\_dill.py", line 423, in save
    StockPickler.save(self, obj, save_persistent_id)
  File "C:\Users\qhung\AppData\Local\Programs\Python\Python310\lib\pickle.py", line 603, in save
    self.save_reduce(obj=obj, *rv)
  File "C:\Users\qhung\AppData\Local\Programs\Python\Python310\lib\pickle.py", line 717, in save_reduce
    save(state)
  File "F:\Ky_5\SWT301_Materials\RT-SWT-nhom2\.venv-pynguin-gen\lib\site-packages\dill\_dill.py", line 423, in save
    StockPickler.save(self, obj, save_persistent_id)
  File "C:\Users\qhung\AppData\Local\Programs\Python\Python310\lib\pickle.py", line 560, in save
    f(self, obj)  # Call unbound method with explicit self
  File "F:\Ky_5\SWT301_Materials\RT-SWT-nhom2\.venv-pynguin-gen\lib\site-packages\dill\_dill.py", line 1266, in save_module_dict
    StockPickler.save_dict(pickler, obj)
  File "C:\Users\qhung\AppData\Local\Programs\Python\Python310\lib\pickle.py", line 972, in save_dict
    self._batch_setitems(obj.items())
  File "C:\Users\qhung\AppData\Local\Programs\Python\Python310\lib\pickle.py", line 998, in _batch_setitems
    save(v)
  File "F:\Ky_5\SWT301_Materials\RT-SWT-nhom2\.venv-pynguin-gen\lib\site-packages\dill\_dill.py", line 423, in save
    StockPickler.save(self, obj, save_persistent_id)
  File "C:\Users\qhung\AppData\Local\Programs\Python\Python310\lib\pickle.py", line 603, in save
    self.save_reduce(obj=obj, *rv)
  File "C:\Users\qhung\AppData\Local\Programs\Python\Python310\lib\pickle.py", line 717, in save_reduce
    save(state)
  File "F:\Ky_5\SWT301_Materials\RT-SWT-nhom2\.venv-pynguin-gen\lib\site-packages\dill\_dill.py", line 423, in save
    StockPickler.save(self, obj, save_persistent_id)
  File "C:\Users\qhung\AppData\Local\Programs\Python\Python310\lib\pickle.py", line 560, in save
    f(self, obj)  # Call unbound method with explicit self
  File "F:\Ky_5\SWT301_Materials\RT-SWT-nhom2\.venv-pynguin-gen\lib\site-packages\dill\_dill.py", line 1266, in save_module_dict
    StockPickler.save_dict(pickler, obj)
  File "C:\Users\qhung\AppData\Local\Programs\Python\Python310\lib\pickle.py", line 972, in save_dict
    self._batch_setitems(obj.items())
  File "C:\Users\qhung\AppData\Local\Programs\Python\Python310\lib\pickle.py", line 998, in _batch_setitems
    save(v)
  File "F:\Ky_5\SWT301_Materials\RT-SWT-nhom2\.venv-pynguin-gen\lib\site-packages\dill\_dill.py", line 423, in save
    StockPickler.save(self, obj, save_persistent_id)
  File "C:\Users\qhung\AppData\Local\Programs\Python\Python310\lib\pickle.py", line 560, in save
    f(self, obj)  # Call unbound method with explicit self
  File "F:\Ky_5\SWT301_Materials\RT-SWT-nhom2\.venv-pynguin-gen\lib\site-packages\dill\_dill.py", line 1266, in save_module_dict
    StockPickler.save_dict(pickler, obj)
  File "C:\Users\qhung\AppData\Local\Programs\Python\Python310\lib\pickle.py", line 972, in save_dict
    self._batch_setitems(obj.items())
  File "C:\Users\qhung\AppData\Local\Programs\Python\Python310\lib\pickle.py", line 997, in _batch_setitems
    save(k)
  File "F:\Ky_5\SWT301_Materials\RT-SWT-nhom2\.venv-pynguin-gen\lib\site-packages\dill\_dill.py", line 423, in save
    StockPickler.save(self, obj, save_persistent_id)
  File "C:\Users\qhung\AppData\Local\Programs\Python\Python310\lib\pickle.py", line 603, in save
    self.save_reduce(obj=obj, *rv)
  File "C:\Users\qhung\AppData\Local\Programs\Python\Python310\lib\pickle.py", line 717, in save_reduce
    save(state)
  File "F:\Ky_5\SWT301_Materials\RT-SWT-nhom2\.venv-pynguin-gen\lib\site-packages\dill\_dill.py", line 423, in save
    StockPickler.save(self, obj, save_persistent_id)
  File "C:\Users\qhung\AppData\Local\Programs\Python\Python310\lib\pickle.py", line 560, in save
    f(self, obj)  # Call unbound method with explicit self
  File "F:\Ky_5\SWT301_Materials\RT-SWT-nhom2\.venv-pynguin-gen\lib\site-packages\dill\_dill.py", line 1266, in save_module_dict
    StockPickler.save_dict(pickler, obj)
  File "C:\Users\qhung\AppData\Local\Programs\Python\Python310\lib\pickle.py", line 972, in save_dict
    self._batch_setitems(obj.items())
  File "C:\Users\qhung\AppData\Local\Programs\Python\Python310\lib\pickle.py", line 998, in _batch_setitems
    save(v)
  File "F:\Ky_5\SWT301_Materials\RT-SWT-nhom2\.venv-pynguin-gen\lib\site-packages\dill\_dill.py", line 423, in save
    StockPickler.save(self, obj, save_persistent_id)
  File "C:\Users\qhung\AppData\Local\Programs\Python\Python310\lib\pickle.py", line 560, in save
    f(self, obj)  # Call unbound method with explicit self
  File "F:\Ky_5\SWT301_Materials\RT-SWT-nhom2\.venv-pynguin-gen\lib\site-packages\dill\_dill.py", line 1893, in save_type
    _save_with_postproc(pickler, (_create_type, (
  File "F:\Ky_5\SWT301_Materials\RT-SWT-nhom2\.venv-pynguin-gen\lib\site-packages\dill\_dill.py", line 1135, in _save_with_postproc
    pickler.save_reduce(*reduction, obj=obj)
  File "C:\Users\qhung\AppData\Local\Programs\Python\Python310\lib\pickle.py", line 692, in save_reduce
    save(args)
  File "F:\Ky_5\SWT301_Materials\RT-SWT-nhom2\.venv-pynguin-gen\lib\site-packages\dill\_dill.py", line 423, in save
    StockPickler.save(self, obj, save_persistent_id)
  File "C:\Users\qhung\AppData\Local\Programs\Python\Python310\lib\pickle.py", line 560, in save
    f(self, obj)  # Call unbound method with explicit self
  File "C:\Users\qhung\AppData\Local\Programs\Python\Python310\lib\pickle.py", line 902, in save_tuple
    save(element)
  File "F:\Ky_5\SWT301_Materials\RT-SWT-nhom2\.venv-pynguin-gen\lib\site-packages\dill\_dill.py", line 423, in save
    StockPickler.save(self, obj, save_persistent_id)
  File "C:\Users\qhung\AppData\Local\Programs\Python\Python310\lib\pickle.py", line 560, in save
    f(self, obj)  # Call unbound method with explicit self
  File "F:\Ky_5\SWT301_Materials\RT-SWT-nhom2\.venv-pynguin-gen\lib\site-packages\dill\_dill.py", line 1266, in save_module_dict
    StockPickler.save_dict(pickler, obj)
  File "C:\Users\qhung\AppData\Local\Programs\Python\Python310\lib\pickle.py", line 972, in save_dict
    self._batch_setitems(obj.items())
  File "C:\Users\qhung\AppData\Local\Programs\Python\Python310\lib\pickle.py", line 998, in _batch_setitems
    save(v)
  File "F:\Ky_5\SWT301_Materials\RT-SWT-nhom2\.venv-pynguin-gen\lib\site-packages\dill\_dill.py", line 423, in save
    StockPickler.save(self, obj, save_persistent_id)
  File "C:\Users\qhung\AppData\Local\Programs\Python\Python310\lib\pickle.py", line 560, in save
    f(self, obj)  # Call unbound method with explicit self
  File "F:\Ky_5\SWT301_Materials\RT-SWT-nhom2\.venv-pynguin-gen\lib\site-packages\dill\_dill.py", line 1542, in save_wrapper_descriptor
    pickler.save_reduce(_getattr, (obj.__objclass__, obj.__name__,
  File "C:\Users\qhung\AppData\Local\Programs\Python\Python310\lib\pickle.py", line 692, in save_reduce
    save(args)
  File "F:\Ky_5\SWT301_Materials\RT-SWT-nhom2\.venv-pynguin-gen\lib\site-packages\dill\_dill.py", line 423, in save
    StockPickler.save(self, obj, save_persistent_id)
  File "C:\Users\qhung\AppData\Local\Programs\Python\Python310\lib\pickle.py", line 560, in save
    f(self, obj)  # Call unbound method with explicit self
  File "C:\Users\qhung\AppData\Local\Programs\Python\Python310\lib\pickle.py", line 887, in save_tuple
    save(element)
  File "F:\Ky_5\SWT301_Materials\RT-SWT-nhom2\.venv-pynguin-gen\lib\site-packages\dill\_dill.py", line 423, in save
    StockPickler.save(self, obj, save_persistent_id)
  File "C:\Users\qhung\AppData\Local\Programs\Python\Python310\lib\pickle.py", line 560, in save
    f(self, obj)  # Call unbound method with explicit self
  File "F:\Ky_5\SWT301_Materials\RT-SWT-nhom2\.venv-pynguin-gen\lib\site-packages\dill\_dill.py", line 1930, in save_type
    StockPickler.save_global(pickler, obj, name=obj_name)
  File "C:\Users\qhung\AppData\Local\Programs\Python\Python310\lib\pickle.py", line 1071, in save_global
    raise PicklingError(
_pickle.PicklingError: Can't pickle <class '_ctypes._CData'>: it's not found as _ctypes._CData

Traceback (most recent call last):
  File "<string>", line 1, in <module>
  File "F:\Ky_5\SWT301_Materials\RT-SWT-nhom2\.venv-pynguin-gen\lib\site-packages\multiprocess\spawn.py", line 116, in spawn_main
    exitcode = _main(fd, parent_sentinel)
  File "F:\Ky_5\SWT301_Materials\RT-SWT-nhom2\.venv-pynguin-gen\lib\site-packages\multiprocess\spawn.py", line 126, in _main
    self = reduction.pickle.load(from_parent)
  File "F:\Ky_5\SWT301_Materials\RT-SWT-nhom2\.venv-pynguin-gen\lib\site-packages\dill\_dill.py", line 298, in load
    return Unpickler(file, ignore=ignore, **kwds).load()
  File "F:\Ky_5\SWT301_Materials\RT-SWT-nhom2\.venv-pynguin-gen\lib\site-packages\dill\_dill.py", line 453, in load
    obj = StockUnpickler.load(self)
EOFError: Ran out of input

